[2026-05-29 01:30:18] production.ERROR: Error Login Microsoft: Client error: `POST https://login.microsoftonline.com/common/oauth2/v2.0/token` resulted in a `400 Bad Request` response:
{"error":"invalid_grant","error_description":"AADSTS70008: The provided authorization code or refresh token has expired  (truncated...)
  
[2026-05-29 06:02:51] production.ERROR: Missing required parameter for [Route: projects.show] [URI: projects/{project}] [Missing parameter: project]. (View: /var/www/jornada-automocion-api/resources/views/students/show.blade.php) {"userId":190,"exception":"[object] (Illuminate\\View\\ViewException(code: 0): Missing required parameter for [Route: projects.show] [URI: projects/{project}] [Missing parameter: project]. (View: /var/www/jornada-automocion-api/resources/views/students/show.blade.php) at /var/www/jornada-automocion-api/vendor/laravel/framework/src/Illuminate/Routing/Exceptions/UrlGenerationException.php:35)
[stacktrace]
#0 /var/www/jornada-automocion-api/vendor/livewire/livewire/src/Mechanisms/ExtendBlade/ExtendedCompilerEngine.php(58): Illuminate\\View\\Engines\\CompilerEngine->handleViewException()
#1 /var/www/jornada-automocion-api/vendor/laravel/framework/src/Illuminate/View/Engines/PhpEngine.php(60): Livewire\\Mechanisms\\ExtendBlade\\ExtendedCompilerEngine->handleViewException()
#2 /var/www/jornada-automocion-api/vendor/livewire/livewire/src/Mechanisms/ExtendBlade/ExtendedCompilerEngine.php(22): Illuminate\\View\\Engines\\PhpEngine->evaluatePath()
#3 /var/www/jornada-automocion-api/vendor/laravel/framework/src/Illuminate/View/Engines/CompilerEngine.php(75): Livewire\\Mechanisms\\ExtendBlade\\ExtendedCompilerEngine->evaluatePath()
#4 /var/www/jornada-automocion-api/vendor/livewire/livewire/src/Mechanisms/ExtendBlade/ExtendedCompilerEngine.php(10): Illuminate\\View\\Engines\\CompilerEngine->get()
#5 /var/www/jornada-automocion-api/vendor/laravel/framework/src/Illuminate/View/View.php(209): Livewire\\Mechanisms\\ExtendBlade\\ExtendedCompilerEngine->get()
#6 /var/www/jornada-automocion-api/vendor/laravel/framework/src/Illuminate/View/View.php(192): Illuminate\\View\\View->getContents()
#7 /var/www/jornada-automocion-api/vendor/laravel/framework/src/Illuminate/View/View.php(161): Illuminate\\View\\View->renderContents()
#8 /var/www/jornada-automocion-api/vendor/laravel/framework/src/Illuminate/Http/Response.php(79): Illuminate\\View\\View->render()
#9 /var/www/jornada-automocion-api/vendor/laravel/framework/src/Illuminate/Http/Response.php(35): Illuminate\\Http\\Response->setContent()
#10 /var/www/jornada-automocion-api/vendor/laravel/framework/src/Illuminate/Routing/Router.php(920): Illuminate\\Http\\Response->__construct()
#11 /var/www/jornada-automocion-api/vendor/laravel/framework/src/Illuminate/Routing/Router.php(887): Illuminate\\Routing\\Router::toResponse()
#12 /var/www/jornada-automocion-api/vendor/laravel/framework/src/Illuminate/Routing/Router.php(807): Illuminate\\Routing\\Router->prepareResponse()
#13 /var/www/jornada-automocion-api/vendor/laravel/framework/src/Illuminate/Pipeline/Pipeline.php(170): Illuminate\\Routing\\Router->Illuminate\\Routing\\{closure}()
#14 /var/www/jornada-automocion-api/app/Http/Middleware/CheckUserStatus.php(17): Illuminate\\Pipeline\\Pipeline->Illuminate\\Pipeline\\{closure}()
#15 /var/www/jornada-automocion-api/vendor/laravel/framework/src/Illuminate/Pipeline/Pipeline.php(209): App\\Http\\Middleware\\CheckUserStatus->handle()
#16 /var/www/jornada-automocion-api/vendor/laravel/framework/src/Illuminate/Routing/Middleware/SubstituteBindings.php(51): Illuminate\\Pipeline\\Pipeline->Illuminate\\Pipeline\\{closure}()
#17 /var/www/jornada-automocion-api/vendor/laravel/framework/src/Illuminate/Pipeline/Pipeline.php(209): Illuminate\\Routing\\Middleware\\SubstituteBindings->handle()
#18 /var/www/jornada-automocion-api/vendor/laravel/framework/src/Illuminate/Auth/Middleware/Authenticate.php(64): Illuminate\\Pipeline\\Pipeline->Illuminate\\Pipeline\\{closure}()
#19 /var/www/jornada-automocion-api/vendor/laravel/framework/src/Illuminate/Pipeline/Pipeline.php(209): Illuminate\\Auth\\Middleware\\Authenticate->handle()
#20 /var/www/jornada-automocion-api/vendor/laravel/framework/src/Illuminate/Foundation/Http/Middleware/VerifyCsrfToken.php(88): Illuminate\\Pipeline\\Pipeline->Illuminate\\Pipeline\\{closure}()
#21 /var/www/jornada-automocion-api/vendor/laravel/framework/src/Illuminate/Pipeline/Pipeline.php(209): Illuminate\\Foundation\\Http\\Middleware\\VerifyCsrfToken->handle()
#22 /var/www/jornada-automocion-api/vendor/laravel/framework/src/Illuminate/View/Middleware/ShareErrorsFromSession.php(49): Illuminate\\Pipeline\\Pipeline->Illuminate\\Pipeline\\{closure}()
#23 /var/www/jornada-automocion-api/vendor/laravel/framework/src/Illuminate/Pipeline/Pipeline.php(209): Illuminate\\View\\Middleware\\ShareErrorsFromSession->handle()
#24 /var/www/jornada-automocion-api/vendor/laravel/framework/src/Illuminate/Session/Middleware/StartSession.php(121): Illuminate\\Pipeline\\Pipeline->Illuminate\\Pipeline\\{closure}()
#25 /var/www/jornada-automocion-api/vendor/laravel/framework/src/Illuminate/Session/Middleware/StartSession.php(64): Illuminate\\Session\\Middleware\\StartSession->handleStatefulRequest()
#26 /var/www/jornada-automocion-api/vendor/laravel/framework/src/Illuminate/Pipeline/Pipeline.php(209): Illuminate\\Session\\Middleware\\StartSession->handle()
#27 /var/www/jornada-automocion-api/vendor/laravel/framework/src/Illuminate/Cookie/Middleware/AddQueuedCookiesToResponse.php(37): Illuminate\\Pipeline\\Pipeline->Illuminate\\Pipeline\\{closure}()
#28 /var/www/jornada-automocion-api/vendor/laravel/framework/src/Illuminate/Pipeline/Pipeline.php(209): Illuminate\\Cookie\\Middleware\\AddQueuedCookiesToResponse->handle()
#29 /var/www/jornada-automocion-api/vendor/laravel/framework/src/Illuminate/Cookie/Middleware/EncryptCookies.php(75): Illuminate\\Pipeline\\Pipeline->Illuminate\\Pipeline\\{closure}()
#30 /var/www/jornada-automocion-api/vendor/laravel/framework/src/Illuminate/Pipeline/Pipeline.php(209): Illuminate\\Cookie\\Middleware\\EncryptCookies->handle()
#31 /var/www/jornada-automocion-api/vendor/laravel/framework/src/Illuminate/Pipeline/Pipeline.php(127): Illuminate\\Pipeline\\Pipeline->Illuminate\\Pipeline\\{closure}()
#32 /var/www/jornada-automocion-api/vendor/laravel/framework/src/Illuminate/Routing/Router.php(807): Illuminate\\Pipeline\\Pipeline->then()
#33 /var/www/jornada-automocion-api/vendor/laravel/framework/src/Illuminate/Routing/Router.php(786): Illuminate\\Routing\\Router->runRouteWithinStack()
#34 /var/www/jornada-automocion-api/vendor/laravel/framework/src/Illuminate/Routing/Router.php(750): Illuminate\\Routing\\Router->runRoute()
#35 /var/www/jornada-automocion-api/vendor/laravel/framework/src/Illuminate/Routing/Router.php(739): Illuminate\\Routing\\Router->dispatchToRoute()
#36 /var/www/jornada-automocion-api/vendor/laravel/framework/src/Illuminate/Foundation/Http/Kernel.php(201): Illuminate\\Routing\\Router->dispatch()
#37 /var/www/jornada-automocion-api/vendor/laravel/framework/src/Illuminate/Pipeline/Pipeline.php(170): Illuminate\\Foundation\\Http\\Kernel->Illuminate\\Foundation\\Http\\{closure}()
#38 /var/www/jornada-automocion-api/vendor/livewire/livewire/src/Features/SupportDisablingBackButtonCache/DisableBackButtonCacheMiddleware.php(19): Illuminate\\Pipeline\\Pipeline->Illuminate\\Pipeline\\{closure}()
#39 /var/www/jornada-automocion-api/vendor/laravel/framework/src/Illuminate/Pipeline/Pipeline.php(209): Livewire\\Features\\SupportDisablingBackButtonCache\\DisableBackButtonCacheMiddleware->handle()
#40 /var/www/jornada-automocion-api/vendor/laravel/framework/src/Illuminate/Foundation/Http/Middleware/TransformsRequest.php(21): Illuminate\\Pipeline\\Pipeline->Illuminate\\Pipeline\\{closure}()
#41 /var/www/jornada-automocion-api/vendor/laravel/framework/src/Illuminate/Foundation/Http/Middleware/ConvertEmptyStringsToNull.php(31): Illuminate\\Foundation\\Http\\Middleware\\TransformsRequest->handle()
#42 /var/www/jornada-automocion-api/vendor/laravel/framework/src/Illuminate/Pipeline/Pipeline.php(209): Illuminate\\Foundation\\Http\\Middleware\\ConvertEmptyStringsToNull->handle()
#43 /var/www/jornada-automocion-api/vendor/laravel/framework/src/Illuminate/Foundation/Http/Middleware/TransformsRequest.php(21): Illuminate\\Pipeline\\Pipeline->Illuminate\\Pipeline\\{closure}()
#44 /var/www/jornada-automocion-api/vendor/laravel/framework/src/Illuminate/Foundation/Http/Middleware/TrimStrings.php(51): Illuminate\\Foundation\\Http\\Middleware\\TransformsRequest->handle()
#45 /var/www/jornada-automocion-api/vendor/laravel/framework/src/Illuminate/Pipeline/Pipeline.php(209): Illuminate\\Foundation\\Http\\Middleware\\TrimStrings->handle()
#46 /var/www/jornada-automocion-api/vendor/laravel/framework/src/Illuminate/Http/Middleware/ValidatePostSize.php(27): Illuminate\\Pipeline\\Pipeline->Illuminate\\Pipeline\\{closure}()
#47 /var/www/jornada-automocion-api/vendor/laravel/framework/src/Illuminate/Pipeline/Pipeline.php(209): Illuminate\\Http\\Middleware\\ValidatePostSize->handle()
#48 /var/www/jornada-automocion-api/vendor/laravel/framework/src/Illuminate/Foundation/Http/Middleware/PreventRequestsDuringMaintenance.php(110): Illuminate\\Pipeline\\Pipeline->Illuminate\\Pipeline\\{closure}()
#49 /var/www/jornada-automocion-api/vendor/laravel/framework/src/Illuminate/Pipeline/Pipeline.php(209): Illuminate\\Foundation\\Http\\Middleware\\PreventRequestsDuringMaintenance->handle()
#50 /var/www/jornada-automocion-api/vendor/laravel/framework/src/Illuminate/Http/Middleware/HandleCors.php(49): Illuminate\\Pipeline\\Pipeline->Illuminate\\Pipeline\\{closure}()
#51 /var/www/jornada-automocion-api/vendor/laravel/framework/src/Illuminate/Pipeline/Pipeline.php(209): Illuminate\\Http\\Middleware\\HandleCors->handle()
#52 /var/www/jornada-automocion-api/vendor/laravel/framework/src/Illuminate/Http/Middleware/TrustProxies.php(58): Illuminate\\Pipeline\\Pipeline->Illuminate\\Pipeline\\{closure}()
#53 /var/www/jornada-automocion-api/vendor/laravel/framework/src/Illuminate/Pipeline/Pipeline.php(209): Illuminate\\Http\\Middleware\\TrustProxies->handle()
#54 /var/www/jornada-automocion-api/vendor/laravel/framework/src/Illuminate/Foundation/Http/Middleware/InvokeDeferredCallbacks.php(22): Illuminate\\Pipeline\\Pipeline->Illuminate\\Pipeline\\{closure}()
#55 /var/www/jornada-automocion-api/vendor/laravel/framework/src/Illuminate/Pipeline/Pipeline.php(209): Illuminate\\Foundation\\Http\\Middleware\\InvokeDeferredCallbacks->handle()
#56 /var/www/jornada-automocion-api/vendor/laravel/framework/src/Illuminate/Pipeline/Pipeline.php(127): Illuminate\\Pipeline\\Pipeline->Illuminate\\Pipeline\\{closure}()
#57 /var/www/jornada-automocion-api/vendor/laravel/framework/src/Illuminate/Foundation/Http/Kernel.php(176): Illuminate\\Pipeline\\Pipeline->then()
#58 /var/www/jornada-automocion-api/vendor/laravel/framework/src/Illuminate/Foundation/Http/Kernel.php(145): Illuminate\\Foundation\\Http\\Kernel->sendRequestThroughRouter()
#59 /var/www/jornada-automocion-api/vendor/laravel/framework/src/Illuminate/Foundation/Application.php(1220): Illuminate\\Foundation\\Http\\Kernel->handle()
#60 /var/www/jornada-automocion-api/public/index.php(17): Illuminate\\Foundation\\Application->handleRequest()
#61 {main}

[previous exception] [object] (Illuminate\\Routing\\Exceptions\\UrlGenerationException(code: 0): Missing required parameter for [Route: projects.show] [URI: projects/{project}] [Missing parameter: project]. at /var/www/jornada-automocion-api/vendor/laravel/framework/src/Illuminate/Routing/Exceptions/UrlGenerationException.php:35)
[stacktrace]
#0 /var/www/jornada-automocion-api/vendor/laravel/framework/src/Illuminate/Routing/RouteUrlGenerator.php(90): Illuminate\\Routing\\Exceptions\\UrlGenerationException::forMissingParameters()
#1 /var/www/jornada-automocion-api/vendor/laravel/framework/src/Illuminate/Routing/UrlGenerator.php(544): Illuminate\\Routing\\RouteUrlGenerator->to()
#2 /var/www/jornada-automocion-api/vendor/laravel/framework/src/Illuminate/Routing/UrlGenerator.php(509): Illuminate\\Routing\\UrlGenerator->toRoute()
#3 /var/www/jornada-automocion-api/vendor/laravel/framework/src/Illuminate/Foundation/helpers.php(853): Illuminate\\Routing\\UrlGenerator->route()
#4 /var/www/jornada-automocion-api/storage/framework/views/711cdeebaed72fdfe76d0a8f5d16ac34.php(115): route()
#5 /var/www/jornada-automocion-api/vendor/laravel/framework/src/Illuminate/Filesystem/Filesystem.php(123): require('...')
#6 /var/www/jornada-automocion-api/vendor/laravel/framework/src/Illuminate/Filesystem/Filesystem.php(124): Illuminate\\Filesystem\\Filesystem::Illuminate\\Filesystem\\{closure}()
#7 /var/www/jornada-automocion-api/vendor/laravel/framework/src/Illuminate/View/Engines/PhpEngine.php(58): Illuminate\\Filesystem\\Filesystem->getRequire()
#8 /var/www/jornada-automocion-api/vendor/livewire/livewire/src/Mechanisms/ExtendBlade/ExtendedCompilerEngine.php(22): Illuminate\\View\\Engines\\PhpEngine->evaluatePath()
#9 /var/www/jornada-automocion-api/vendor/laravel/framework/src/Illuminate/View/Engines/CompilerEngine.php(75): Livewire\\Mechanisms\\ExtendBlade\\ExtendedCompilerEngine->evaluatePath()
#10 /var/www/jornada-automocion-api/vendor/livewire/livewire/src/Mechanisms/ExtendBlade/ExtendedCompilerEngine.php(10): Illuminate\\View\\Engines\\CompilerEngine->get()
#11 /var/www/jornada-automocion-api/vendor/laravel/framework/src/Illuminate/View/View.php(209): Livewire\\Mechanisms\\ExtendBlade\\ExtendedCompilerEngine->get()
#12 /var/www/jornada-automocion-api/vendor/laravel/framework/src/Illuminate/View/View.php(192): Illuminate\\View\\View->getContents()
#13 /var/www/jornada-automocion-api/vendor/laravel/framework/src/Illuminate/View/View.php(161): Illuminate\\View\\View->renderContents()
#14 /var/www/jornada-automocion-api/vendor/laravel/framework/src/Illuminate/Http/Response.php(79): Illuminate\\View\\View->render()
#15 /var/www/jornada-automocion-api/vendor/laravel/framework/src/Illuminate/Http/Response.php(35): Illuminate\\Http\\Response->setContent()
#16 /var/www/jornada-automocion-api/vendor/laravel/framework/src/Illuminate/Routing/Router.php(920): Illuminate\\Http\\Response->__construct()
#17 /var/www/jornada-automocion-api/vendor/laravel/framework/src/Illuminate/Routing/Router.php(887): Illuminate\\Routing\\Router::toResponse()
#18 /var/www/jornada-automocion-api/vendor/laravel/framework/src/Illuminate/Routing/Router.php(807): Illuminate\\Routing\\Router->prepareResponse()
#19 /var/www/jornada-automocion-api/vendor/laravel/framework/src/Illuminate/Pipeline/Pipeline.php(170): Illuminate\\Routing\\Router->Illuminate\\Routing\\{closure}()
#20 /var/www/jornada-automocion-api/app/Http/Middleware/CheckUserStatus.php(17): Illuminate\\Pipeline\\Pipeline->Illuminate\\Pipeline\\{closure}()
#21 /var/www/jornada-automocion-api/vendor/laravel/framework/src/Illuminate/Pipeline/Pipeline.php(209): App\\Http\\Middleware\\CheckUserStatus->handle()
#22 /var/www/jornada-automocion-api/vendor/laravel/framework/src/Illuminate/Routing/Middleware/SubstituteBindings.php(51): Illuminate\\Pipeline\\Pipeline->Illuminate\\Pipeline\\{closure}()
#23 /var/www/jornada-automocion-api/vendor/laravel/framework/src/Illuminate/Pipeline/Pipeline.php(209): Illuminate\\Routing\\Middleware\\SubstituteBindings->handle()
#24 /var/www/jornada-automocion-api/vendor/laravel/framework/src/Illuminate/Auth/Middleware/Authenticate.php(64): Illuminate\\Pipeline\\Pipeline->Illuminate\\Pipeline\\{closure}()
#25 /var/www/jornada-automocion-api/vendor/laravel/framework/src/Illuminate/Pipeline/Pipeline.php(209): Illuminate\\Auth\\Middleware\\Authenticate->handle()
#26 /var/www/jornada-automocion-api/vendor/laravel/framework/src/Illuminate/Foundation/Http/Middleware/VerifyCsrfToken.php(88): Illuminate\\Pipeline\\Pipeline->Illuminate\\Pipeline\\{closure}()
#27 /var/www/jornada-automocion-api/vendor/laravel/framework/src/Illuminate/Pipeline/Pipeline.php(209): Illuminate\\Foundation\\Http\\Middleware\\VerifyCsrfToken->handle()
#28 /var/www/jornada-automocion-api/vendor/laravel/framework/src/Illuminate/View/Middleware/ShareErrorsFromSession.php(49): Illuminate\\Pipeline\\Pipeline->Illuminate\\Pipeline\\{closure}()
#29 /var/www/jornada-automocion-api/vendor/laravel/framework/src/Illuminate/Pipeline/Pipeline.php(209): Illuminate\\View\\Middleware\\ShareErrorsFromSession->handle()
#30 /var/www/jornada-automocion-api/vendor/laravel/framework/src/Illuminate/Session/Middleware/StartSession.php(121): Illuminate\\Pipeline\\Pipeline->Illuminate\\Pipeline\\{closure}()
#31 /var/www/jornada-automocion-api/vendor/laravel/framework/src/Illuminate/Session/Middleware/StartSession.php(64): Illuminate\\Session\\Middleware\\StartSession->handleStatefulRequest()
#32 /var/www/jornada-automocion-api/vendor/laravel/framework/src/Illuminate/Pipeline/Pipeline.php(209): Illuminate\\Session\\Middleware\\StartSession->handle()
#33 /var/www/jornada-automocion-api/vendor/laravel/framework/src/Illuminate/Cookie/Middleware/AddQueuedCookiesToResponse.php(37): Illuminate\\Pipeline\\Pipeline->Illuminate\\Pipeline\\{closure}()
#34 /var/www/jornada-automocion-api/vendor/laravel/framework/src/Illuminate/Pipeline/Pipeline.php(209): Illuminate\\Cookie\\Middleware\\AddQueuedCookiesToResponse->handle()
#35 /var/www/jornada-automocion-api/vendor/laravel/framework/src/Illuminate/Cookie/Middleware/EncryptCookies.php(75): Illuminate\\Pipeline\\Pipeline->Illuminate\\Pipeline\\{closure}()
#36 /var/www/jornada-automocion-api/vendor/laravel/framework/src/Illuminate/Pipeline/Pipeline.php(209): Illuminate\\Cookie\\Middleware\\EncryptCookies->handle()
#37 /var/www/jornada-automocion-api/vendor/laravel/framework/src/Illuminate/Pipeline/Pipeline.php(127): Illuminate\\Pipeline\\Pipeline->Illuminate\\Pipeline\\{closure}()
#38 /var/www/jornada-automocion-api/vendor/laravel/framework/src/Illuminate/Routing/Router.php(807): Illuminate\\Pipeline\\Pipeline->then()
#39 /var/www/jornada-automocion-api/vendor/laravel/framework/src/Illuminate/Routing/Router.php(786): Illuminate\\Routing\\Router->runRouteWithinStack()
#40 /var/www/jornada-automocion-api/vendor/laravel/framework/src/Illuminate/Routing/Router.php(750): Illuminate\\Routing\\Router->runRoute()
#41 /var/www/jornada-automocion-api/vendor/laravel/framework/src/Illuminate/Routing/Router.php(739): Illuminate\\Routing\\Router->dispatchToRoute()
#42 /var/www/jornada-automocion-api/vendor/laravel/framework/src/Illuminate/Foundation/Http/Kernel.php(201): Illuminate\\Routing\\Router->dispatch()
#43 /var/www/jornada-automocion-api/vendor/laravel/framework/src/Illuminate/Pipeline/Pipeline.php(170): Illuminate\\Foundation\\Http\\Kernel->Illuminate\\Foundation\\Http\\{closure}()
#44 /var/www/jornada-automocion-api/vendor/livewire/livewire/src/Features/SupportDisablingBackButtonCache/DisableBackButtonCacheMiddleware.php(19): Illuminate\\Pipeline\\Pipeline->Illuminate\\Pipeline\\{closure}()
#45 /var/www/jornada-automocion-api/vendor/laravel/framework/src/Illuminate/Pipeline/Pipeline.php(209): Livewire\\Features\\SupportDisablingBackButtonCache\\DisableBackButtonCacheMiddleware->handle()
#46 /var/www/jornada-automocion-api/vendor/laravel/framework/src/Illuminate/Foundation/Http/Middleware/TransformsRequest.php(21): Illuminate\\Pipeline\\Pipeline->Illuminate\\Pipeline\\{closure}()
#47 /var/www/jornada-automocion-api/vendor/laravel/framework/src/Illuminate/Foundation/Http/Middleware/ConvertEmptyStringsToNull.php(31): Illuminate\\Foundation\\Http\\Middleware\\TransformsRequest->handle()
#48 /var/www/jornada-automocion-api/vendor/laravel/framework/src/Illuminate/Pipeline/Pipeline.php(209): Illuminate\\Foundation\\Http\\Middleware\\ConvertEmptyStringsToNull->handle()
#49 /var/www/jornada-automocion-api/vendor/laravel/framework/src/Illuminate/Foundation/Http/Middleware/TransformsRequest.php(21): Illuminate\\Pipeline\\Pipeline->Illuminate\\Pipeline\\{closure}()
#50 /var/www/jornada-automocion-api/vendor/laravel/framework/src/Illuminate/Foundation/Http/Middleware/TrimStrings.php(51): Illuminate\\Foundation\\Http\\Middleware\\TransformsRequest->handle()
#51 /var/www/jornada-automocion-api/vendor/laravel/framework/src/Illuminate/Pipeline/Pipeline.php(209): Illuminate\\Foundation\\Http\\Middleware\\TrimStrings->handle()
#52 /var/www/jornada-automocion-api/vendor/laravel/framework/src/Illuminate/Http/Middleware/ValidatePostSize.php(27): Illuminate\\Pipeline\\Pipeline->Illuminate\\Pipeline\\{closure}()
#53 /var/www/jornada-automocion-api/vendor/laravel/framework/src/Illuminate/Pipeline/Pipeline.php(209): Illuminate\\Http\\Middleware\\ValidatePostSize->handle()
#54 /var/www/jornada-automocion-api/vendor/laravel/framework/src/Illuminate/Foundation/Http/Middleware/PreventRequestsDuringMaintenance.php(110): Illuminate\\Pipeline\\Pipeline->Illuminate\\Pipeline\\{closure}()
#55 /var/www/jornada-automocion-api/vendor/laravel/framework/src/Illuminate/Pipeline/Pipeline.php(209): Illuminate\\Foundation\\Http\\Middleware\\PreventRequestsDuringMaintenance->handle()
#56 /var/www/jornada-automocion-api/vendor/laravel/framework/src/Illuminate/Http/Middleware/HandleCors.php(49): Illuminate\\Pipeline\\Pipeline->Illuminate\\Pipeline\\{closure}()
#57 /var/www/jornada-automocion-api/vendor/laravel/framework/src/Illuminate/Pipeline/Pipeline.php(209): Illuminate\\Http\\Middleware\\HandleCors->handle()
#58 /var/www/jornada-automocion-api/vendor/laravel/framework/src/Illuminate/Http/Middleware/TrustProxies.php(58): Illuminate\\Pipeline\\Pipeline->Illuminate\\Pipeline\\{closure}()
#59 /var/www/jornada-automocion-api/vendor/laravel/framework/src/Illuminate/Pipeline/Pipeline.php(209): Illuminate\\Http\\Middleware\\TrustProxies->handle()
#60 /var/www/jornada-automocion-api/vendor/laravel/framework/src/Illuminate/Foundation/Http/Middleware/InvokeDeferredCallbacks.php(22): Illuminate\\Pipeline\\Pipeline->Illuminate\\Pipeline\\{closure}()
#61 /var/www/jornada-automocion-api/vendor/laravel/framework/src/Illuminate/Pipeline/Pipeline.php(209): Illuminate\\Foundation\\Http\\Middleware\\InvokeDeferredCallbacks->handle()
#62 /var/www/jornada-automocion-api/vendor/laravel/framework/src/Illuminate/Pipeline/Pipeline.php(127): Illuminate\\Pipeline\\Pipeline->Illuminate\\Pipeline\\{closure}()
#63 /var/www/jornada-automocion-api/vendor/laravel/framework/src/Illuminate/Foundation/Http/Kernel.php(176): Illuminate\\Pipeline\\Pipeline->then()
#64 /var/www/jornada-automocion-api/vendor/laravel/framework/src/Illuminate/Foundation/Http/Kernel.php(145): Illuminate\\Foundation\\Http\\Kernel->sendRequestThroughRouter()
#65 /var/www/jornada-automocion-api/vendor/laravel/framework/src/Illuminate/Foundation/Application.php(1220): Illuminate\\Foundation\\Http\\Kernel->handle()
#66 /var/www/jornada-automocion-api/public/index.php(17): Illuminate\\Foundation\\Application->handleRequest()
#67 {main}
"} 
[2026-05-29 07:19:00] production.ERROR: Error Login Microsoft: Client error: `POST https://login.microsoftonline.com/common/oauth2/v2.0/token` resulted in a `400 Bad Request` response:
{"error":"invalid_grant","error_description":"AADSTS54005: OAuth2 Authorization code was already redeemed, please retry  (truncated...)
  
[2026-05-29 08:34:47] production.INFO: UPLOAD IMAGE REQUEST {"_token":"fK4Fn8xGBx0IL4bXZundUJFVUqz8jvA4d2H5mU3y","_method":"PUT","title":"KART 100CC 2T","abstract":"Mi trabajo trata de reparar, diseñar y pintar un kart de 100cc empezando por la parte mecánica, para más tarde acabar con el diseño y la pintura de las protecciones.","tipos":["1","2","4"],"videoURL":"https://youtube.com/shorts/rgP3UiOrUtA","new_image_fase":"final","action":"upload_image","image_descriptions":{"744":"este es el estado inicial con las protecciones antiguas","745":"el primer paso fue sacar las protecciones para ver el estado del chasis y de los componentes mecánicos","748":"el siguiente paso fue quitar todos los componentes que estén por detrás del deposito ya que esa era la zona mas afectada","749":"en este paso se esta realizando el purgado de los frenos con un purgador que hizo mi padre"},"conclusion":"el proyecto me ha servido a como trabajar en espacios cerrados, con recursos limitados y aprender a manejar algún que otro inconveniente no previsto que se presente en el camino","new_project_image":{"Illuminate\\Http\\UploadedFile":"/tmp/phpiphgtN"}} 
[2026-05-29 10:46:23] production.INFO: UPLOAD IMAGE REQUEST {"_token":"fsdWJsBrbjLZ5OtRiG7ruzKaxCni3d9RaWfMhRiu","_method":"PUT","title":"Restauración Derbi 125 Especial 3v","abstract":"Mi proyecto consiste en una restauración total de esta motocicleta derbi 125 especial 3v Este proyecto abarca todo tema de desmontaje restauración, las piezas reparación de chapa, pintura. Este proyecto tiene un valor sentimental ya que era una moto de mi padre y me gustaría que la viese restaurada.","tipos":["2","7","8"],"videoURL":null,"new_image_fase":"initial","action":"upload_image","conclusion":"El proyecto el proyecto me ha sido intenso he dado una gran capacidad de adaptación resistencia al estrés y resolución de problemas reales en el taller . Hoy no solo presentó una derbi 125 especial de vuelta a la vida sino también madurez y compromiso profesional.","new_project_image":{"Illuminate\\Http\\UploadedFile":"/tmp/phpcFuEhF"}} 
[2026-05-29 10:58:13] production.INFO: UPLOAD IMAGE REQUEST {"_token":"fsdWJsBrbjLZ5OtRiG7ruzKaxCni3d9RaWfMhRiu","_method":"PUT","title":"Restauración Derbi 125 Especial 3v","abstract":"Mi proyecto consiste en una restauración total de esta motocicleta derbi 125 especial 3v Este proyecto abarca todo tema de desmontaje restauración, las piezas reparación de chapa, pintura. Este proyecto tiene un valor sentimental ya que era una moto de mi padre y me gustaría que la viese restaurada.","tipos":["2","7","8"],"videoURL":null,"new_image_fase":"procedimiento_1","action":"upload_image","image_descriptions":{"896":"La moto se encuentra en un estado de abandono severo y deterioro generalizado. Presenta una notable acumulación de óxido, suciedad y pérdida de pintura en todos sus componentes, con elementos clave rotos, incompletos o ausentes"},"conclusion":"El proyecto el proyecto me ha sido intenso he dado una gran capacidad de adaptación resistencia al estrés y resolución de problemas reales en el taller . Hoy no solo presentó una derbi 125 especial de vuelta a la vida sino también madurez y compromiso profesional.","new_project_image":{"Illuminate\\Http\\UploadedFile":"/tmp/phpWk2O6B"}} 
[2026-05-29 11:04:01] production.INFO: UPLOAD IMAGE REQUEST {"_token":"fsdWJsBrbjLZ5OtRiG7ruzKaxCni3d9RaWfMhRiu","_method":"PUT","title":"Restauración Derbi 125 Especial 3v","abstract":"Mi proyecto consiste en una restauración total de esta motocicleta derbi 125 especial 3v Este proyecto abarca todo tema de desmontaje restauración, las piezas reparación de chapa, pintura. Este proyecto tiene un valor sentimental ya que era una moto de mi padre y me gustaría que la viese restaurada.","tipos":["2","7","8"],"videoURL":null,"new_image_fase":"procedimiento_2","action":"upload_image","image_descriptions":{"896":"La moto se encuentra en un estado de abandono severo y deterioro generalizado. Presenta una notable acumulación de óxido, suciedad y pérdida de pintura en todos sus componentes, con elementos clave rotos, incompletos o ausentes","897":"En este caso pongo como primero la reparación, en este caso es el depósito que es lo que más tenía, tenía bastantes bollos y se arreglaron a base de multifunción y masilla."},"conclusion":"El proyecto el proyecto me ha sido intenso he dado una gran capacidad de adaptación resistencia al estrés y resolución de problemas reales en el taller . Hoy no solo presentó una derbi 125 especial de vuelta a la vida sino también madurez y compromiso profesional.","new_project_image":{"Illuminate\\Http\\UploadedFile":"/tmp/phpTmsl8Y"}} 
[2026-05-29 11:06:25] production.INFO: UPLOAD IMAGE REQUEST {"_token":"fsdWJsBrbjLZ5OtRiG7ruzKaxCni3d9RaWfMhRiu","_method":"PUT","title":"Restauración Derbi 125 Especial 3v","abstract":"Mi proyecto consiste en una restauración total de esta motocicleta derbi 125 especial 3v Este proyecto abarca todo tema de desmontaje restauración, las piezas reparación de chapa, pintura. Este proyecto tiene un valor sentimental ya que era una moto de mi padre y me gustaría que la viese restaurada.","tipos":["2","7","8"],"videoURL":null,"new_image_fase":"procedimiento_3","action":"upload_image","image_descriptions":{"896":"La moto se encuentra en un estado de abandono severo y deterioro generalizado. Presenta una notable acumulación de óxido, suciedad y pérdida de pintura en todos sus componentes, con elementos clave rotos, incompletos o ausentes","897":"En este caso pongo como primero la reparación, en este caso es el depósito que es lo que más tenía, tenía bastantes bollos y se arreglaron a base de multifunción y masilla.","898":"Aquí pongo el pintado cuando pinte el básculante, la tija, el sujeta bobinas y el pedal de freno en este caso se pintó de negro."},"conclusion":"El proyecto el proyecto me ha sido intenso he dado una gran capacidad de adaptación resistencia al estrés y resolución de problemas reales en el taller . Hoy no solo presentó una derbi 125 especial de vuelta a la vida sino también madurez y compromiso profesional.","new_project_image":{"Illuminate\\Http\\UploadedFile":"/tmp/phpGmmVNm"}} 
[2026-05-29 12:38:03] production.INFO: UPLOAD IMAGE REQUEST {"_token":"zIER3eAkjumCTV8np5YEj3WqRcV98BNw43zQx3Ne","_method":"PUT","title":"Citroen Xsara","abstract":"Vem observar i marcar desperfectes, seguidament hem fet reparacions d'algunes abolladures i farem un canvi de color superficial a l'exterior del coche.","tipos":["2","7"],"videoURL":"https://drive.google.com/file/d/14oPUAEXEtJV6svUffF2jDNIZ7sl1G_x2/view?usp=sharing","new_image_fase":"initial","action":"upload_image","conclusion":null,"photoName":{"Illuminate\\Http\\UploadedFile":"/tmp/phpudm1mD"},"new_project_image":{"Illuminate\\Http\\UploadedFile":"/tmp/phpZYdqWf"}} 
[2026-05-29 12:38:25] production.INFO: UPLOAD IMAGE REQUEST {"_token":"zIER3eAkjumCTV8np5YEj3WqRcV98BNw43zQx3Ne","_method":"PUT","title":"Citroen Xsara","abstract":"Vem observar i marcar desperfectes, seguidament hem fet reparacions d'algunes abolladures i farem un canvi de color superficial a l'exterior del coche.","videoURL":null,"new_image_fase":"procedimiento_1","action":"upload_image","image_descriptions":{"900":null},"conclusion":null,"new_project_image":{"Illuminate\\Http\\UploadedFile":"/tmp/phpZz21lG"}} 
[2026-05-29 12:39:01] production.INFO: UPLOAD IMAGE REQUEST {"_token":"zIER3eAkjumCTV8np5YEj3WqRcV98BNw43zQx3Ne","_method":"PUT","title":"Citroen Xsara","abstract":"Vem observar i marcar desperfectes, seguidament hem fet reparacions d'algunes abolladures i farem un canvi de color superficial a l'exterior del coche.","videoURL":null,"new_image_fase":"procedimiento_2","action":"upload_image","image_descriptions":{"900":null,"901":null},"conclusion":null,"new_project_image":{"Illuminate\\Http\\UploadedFile":"/tmp/phpRVvWXX"}} 
[2026-05-29 12:39:43] production.INFO: UPLOAD IMAGE REQUEST {"_token":"zIER3eAkjumCTV8np5YEj3WqRcV98BNw43zQx3Ne","_method":"PUT","title":"Citroen Xsara","abstract":"Vem observar i marcar desperfectes, seguidament hem fet reparacions d'algunes abolladures i farem un canvi de color superficial a l'exterior del coche.","videoURL":null,"new_image_fase":"procedimiento_3","action":"upload_image","image_descriptions":{"900":null,"901":null,"902":null},"conclusion":null,"new_project_image":{"Illuminate\\Http\\UploadedFile":"/tmp/phpYQMBpa"}} 
[2026-05-29 12:39:59] production.INFO: UPLOAD IMAGE REQUEST {"_token":"zIER3eAkjumCTV8np5YEj3WqRcV98BNw43zQx3Ne","_method":"PUT","title":"Citroen Xsara","abstract":"Vem observar i marcar desperfectes, seguidament hem fet reparacions d'algunes abolladures i farem un canvi de color superficial a l'exterior del coche.","videoURL":null,"new_image_fase":"procedimiento_3","action":"upload_image","image_descriptions":{"900":null,"901":null,"902":null,"903":null},"conclusion":null,"new_project_image":{"Illuminate\\Http\\UploadedFile":"/tmp/php16IRg7"}} 
[2026-05-29 12:40:14] production.INFO: UPLOAD IMAGE REQUEST {"_token":"zIER3eAkjumCTV8np5YEj3WqRcV98BNw43zQx3Ne","_method":"PUT","title":"Citroen Xsara","abstract":"Vem observar i marcar desperfectes, seguidament hem fet reparacions d'algunes abolladures i farem un canvi de color superficial a l'exterior del coche.","videoURL":null,"new_image_fase":"final","action":"upload_image","image_descriptions":{"900":null,"901":null,"902":null,"904":null},"conclusion":null,"new_project_image":{"Illuminate\\Http\\UploadedFile":"/tmp/phpy9B412"}} 
[2026-05-29 12:40:28] production.INFO: UPLOAD IMAGE REQUEST {"_token":"zIER3eAkjumCTV8np5YEj3WqRcV98BNw43zQx3Ne","_method":"PUT","title":"Citroen Xsara","abstract":"Vem observar i marcar desperfectes, seguidament hem fet reparacions d'algunes abolladures i farem un canvi de color superficial a l'exterior del coche.","videoURL":null,"new_image_fase":"final","action":"upload_image","image_descriptions":{"900":null,"901":null,"902":null,"904":null,"905":null},"conclusion":null,"new_project_image":{"Illuminate\\Http\\UploadedFile":"/tmp/php6miUeR"}} 
[2026-05-29 12:40:45] production.INFO: UPLOAD IMAGE REQUEST {"_token":"zIER3eAkjumCTV8np5YEj3WqRcV98BNw43zQx3Ne","_method":"PUT","title":"Citroen Xsara","abstract":"Vem observar i marcar desperfectes, seguidament hem fet reparacions d'algunes abolladures i farem un canvi de color superficial a l'exterior del coche.","videoURL":null,"new_image_fase":"header","action":"upload_image","image_descriptions":{"900":null,"901":null,"902":null,"904":null,"906":null},"conclusion":null,"new_project_image":{"Illuminate\\Http\\UploadedFile":"/tmp/phpmCMB9A"}} 
[2026-05-29 17:10:49] production.INFO: UPLOAD IMAGE REQUEST {"_token":"YBTAnYDW0lM6px9k4PQ0Z8JQdhcrs64PPSFpADiL","_method":"PUT","title":"Restauració Peugeot Movesa 125cc","abstract":"En aquest projecte s'ha dut a terme una restauració al complert d'una motocicleta Peugeot Movesa 125cc de l'any 1955, la motocicleta s'ha desmuntat al complet i s'han reparat i sutituit peces. Els àmbits que he treballat han estat la part mecànica, la part elèctrica, reparar i pintar la carrocería .","tipos":["1","6","7"],"videoURL":null,"new_image_fase":"final","action":"upload_image","image_descriptions":{"274":"La moto ha quedat en molt bon estat, tant a nivell mecànic com elèctric. Funciona correctament, amb una instal·lació elèctrica nova i fiable, i compleix els requisits per circular, inclosa la llum de fre. Estèticament, presenta un aspecte molt millorat, mantenint el seu estil clàssic.","310":"La moto presentava un estat bastant castigat, amb desgast general per falta de manteniment. La pintura estava apagada i amb algun desperfecte

El motor estava complet però brut i sense posar a punt, amb possible desgast intern. La instal·lació elèctrica es trobava en mal estat, amb cablejat vell."},"conclusion":"Amb aquest projecte he aconseguit donar una segona vida a la moto, que estava bastant deteriorada. Amb paciència, he anat resolent problemes i millorant la part elèctrica, mecànica i estètica. Ha estat un projecte que m'ha ajudat a posar en pràctica els meus coneixements apresos durant el curs.","new_project_image":{"Illuminate\\Http\\UploadedFile":"/tmp/phpCWUtj6"}} 
[2026-05-29 17:12:12] production.INFO: UPLOAD IMAGE REQUEST {"_token":"YBTAnYDW0lM6px9k4PQ0Z8JQdhcrs64PPSFpADiL","_method":"PUT","title":"Restauració Peugeot Movesa 125cc","abstract":"En aquest projecte s'ha dut a terme una restauració al complert d'una motocicleta Peugeot Movesa 125cc de l'any 1955, la motocicleta s'ha desmuntat al complet i s'han reparat i sutituit peces. Els àmbits que he treballat han estat la part mecànica, la part elèctrica, reparar i pintar la carrocería .","tipos":["1","6","7"],"videoURL":null,"new_image_fase":"final","action":"upload_image","image_descriptions":{"310":"La moto presentava un estat bastant castigat, amb desgast general per falta de manteniment. La pintura estava apagada i amb algun desperfecte

El motor estava complet però brut i sense posar a punt, amb possible desgast intern. La instal·lació elèctrica es trobava en mal estat, amb cablejat vell."},"conclusion":"Amb aquest projecte he aconseguit donar una segona vida a la moto, que estava bastant deteriorada. Amb paciència, he anat resolent problemes i millorant la part elèctrica, mecànica i estètica. Ha estat un projecte que m'ha ajudat a posar en pràctica els meus coneixements apresos durant el curs.","new_project_image":{"Illuminate\\Http\\UploadedFile":"/tmp/php4e5acT"}} 
[2026-05-29 17:19:11] production.INFO: UPLOAD IMAGE REQUEST {"_token":"YBTAnYDW0lM6px9k4PQ0Z8JQdhcrs64PPSFpADiL","_method":"PUT","title":"Restauració Peugeot Movesa 125cc","abstract":"En aquest projecte s'ha dut a terme una restauració al complert d'una motocicleta Peugeot Movesa 125cc de l'any 1955, la motocicleta s'ha desmuntat al complet i s'han reparat i sutituit peces. Els àmbits que he treballat han estat la part mecànica, la part elèctrica, reparar i pintar la carrocería .","tipos":["1","6","7"],"videoURL":null,"new_image_fase":"procedimiento_1","action":"upload_image","image_descriptions":{"310":"La moto presentava un estat bastant castigat, amb desgast general per falta de manteniment. La pintura estava apagada i amb algun desperfecte

El motor estava complet però brut i sense posar a punt, amb possible desgast intern. La instal·lació elèctrica es trobava en mal estat, amb cablejat vell.","909":"La moto ha quedat en molt bon estat, tant a nivell mecànic com elèctric. Funciona correctament, amb una instal·lació elèctrica nova i fiable, i compleix els requisits per circular, inclosa la llum de fre. Estèticament, presenta un aspecte molt millorat, mantenint el seu estil clàssic."},"conclusion":"Amb aquest projecte he aconseguit donar una segona vida a la moto, que estava bastant deteriorada. Amb paciència, he anat resolent problemes i millorant la part elèctrica, mecànica i estètica. Ha estat un projecte que m'ha ajudat a posar en pràctica els meus coneixements apresos durant el curs.","new_project_image":{"Illuminate\\Http\\UploadedFile":"/tmp/phpVILNKz"}} 
[2026-05-29 17:19:23] production.INFO: UPLOAD IMAGE REQUEST {"_token":"YBTAnYDW0lM6px9k4PQ0Z8JQdhcrs64PPSFpADiL","_method":"PUT","title":"Restauració Peugeot Movesa 125cc","abstract":"En aquest projecte s'ha dut a terme una restauració al complert d'una motocicleta Peugeot Movesa 125cc de l'any 1955, la motocicleta s'ha desmuntat al complet i s'han reparat i sutituit peces. Els àmbits que he treballat han estat la part mecànica, la part elèctrica, reparar i pintar la carrocería .","tipos":["1","6","7"],"videoURL":null,"new_image_fase":"procedimiento_2","action":"upload_image","image_descriptions":{"310":"La moto presentava un estat bastant castigat, amb desgast general per falta de manteniment. La pintura estava apagada i amb algun desperfecte

El motor estava complet però brut i sense posar a punt, amb possible desgast intern. La instal·lació elèctrica es trobava en mal estat, amb cablejat vell.","909":"La moto ha quedat en molt bon estat, tant a nivell mecànic com elèctric. Funciona correctament, amb una instal·lació elèctrica nova i fiable, i compleix els requisits per circular, inclosa la llum de fre. Estèticament, presenta un aspecte molt millorat, mantenint el seu estil clàssic.","910":null},"conclusion":"Amb aquest projecte he aconseguit donar una segona vida a la moto, que estava bastant deteriorada. Amb paciència, he anat resolent problemes i millorant la part elèctrica, mecànica i estètica. Ha estat un projecte que m'ha ajudat a posar en pràctica els meus coneixements apresos durant el curs.","new_project_image":{"Illuminate\\Http\\UploadedFile":"/tmp/phpZpF8iE"}} 
[2026-05-29 17:19:32] production.INFO: UPLOAD IMAGE REQUEST {"_token":"YBTAnYDW0lM6px9k4PQ0Z8JQdhcrs64PPSFpADiL","_method":"PUT","title":"Restauració Peugeot Movesa 125cc","abstract":"En aquest projecte s'ha dut a terme una restauració al complert d'una motocicleta Peugeot Movesa 125cc de l'any 1955, la motocicleta s'ha desmuntat al complet i s'han reparat i sutituit peces. Els àmbits que he treballat han estat la part mecànica, la part elèctrica, reparar i pintar la carrocería .","tipos":["1","6","7"],"videoURL":null,"new_image_fase":"procedimiento_3","action":"upload_image","image_descriptions":{"310":"La moto presentava un estat bastant castigat, amb desgast general per falta de manteniment. La pintura estava apagada i amb algun desperfecte

El motor estava complet però brut i sense posar a punt, amb possible desgast intern. La instal·lació elèctrica es trobava en mal estat, amb cablejat vell.","909":"La moto ha quedat en molt bon estat, tant a nivell mecànic com elèctric. Funciona correctament, amb una instal·lació elèctrica nova i fiable, i compleix els requisits per circular, inclosa la llum de fre. Estèticament, presenta un aspecte molt millorat, mantenint el seu estil clàssic.","910":null,"911":null},"conclusion":"Amb aquest projecte he aconseguit donar una segona vida a la moto, que estava bastant deteriorada. Amb paciència, he anat resolent problemes i millorant la part elèctrica, mecànica i estètica. Ha estat un projecte que m'ha ajudat a posar en pràctica els meus coneixements apresos durant el curs.","new_project_image":{"Illuminate\\Http\\UploadedFile":"/tmp/phpr7HZTx"}} 
[2026-05-29 19:36:03] production.INFO: UPLOAD IMAGE REQUEST {"_token":"Cp6zQk9Mr7HsQ82E584ynV5hXp5HlDR6KAnsqmAx","_method":"PUT","title":"Volkswagen Golf 1.6","abstract":"Se ha realizado una reparación integral de la carrocería, eliminando abolladuras y sustituyendo piezas necesarias. Posteriormente se aplicó pintura color plata y acabado en negro para las llantas, mejorando tanto la estética como el estado general del vehículo.","tipos":["2","7"],"videoURL":"https://youtu.be/DMrOCotGj6Q","new_image_fase":"final","action":"upload_image","conclusion":"En conclusión, aunque durante el desarrollo del proyecto aparecieron algunas dificultades en la reparación y el proceso de pintura, supimos resolverlas correctamente mediante trabajo, esfuerzo y aprendizaje. Gracias a ello, conseguimos un resultado final excelente.","new_project_image":{"Illuminate\\Http\\UploadedFile":"/tmp/phpvV5oYD"}} 
[2026-05-29 19:41:36] production.INFO: UPLOAD IMAGE REQUEST {"_token":"Cp6zQk9Mr7HsQ82E584ynV5hXp5HlDR6KAnsqmAx","_method":"PUT","title":"Volkswagen Golf 1.6","abstract":"Se ha realizado una reparación integral de la carrocería, eliminando abolladuras y sustituyendo piezas necesarias. Posteriormente se aplicó pintura color plata y acabado en negro para las llantas, mejorando tanto la estética como el estado general del vehículo.","tipos":["2","7"],"videoURL":null,"new_image_fase":"procedimiento_1","action":"upload_image","image_descriptions":{"913":"Este es el acabado final con las piezas pintadas en negro"},"conclusion":"En conclusión, aunque durante el desarrollo del proyecto aparecieron algunas dificultades en la reparación y el proceso de pintura, supimos resolverlas correctamente mediante trabajo, esfuerzo y aprendizaje. Gracias a ello, conseguimos un resultado final excelente.","new_project_image":{"Illuminate\\Http\\UploadedFile":"/tmp/php6kIezw"}} 
[2026-05-29 19:49:48] production.INFO: UPLOAD IMAGE REQUEST {"_token":"Cp6zQk9Mr7HsQ82E584ynV5hXp5HlDR6KAnsqmAx","_method":"PUT","title":"Volkswagen Golf 1.6","abstract":"Se ha realizado una reparación integral de la carrocería, eliminando abolladuras y sustituyendo piezas necesarias. Posteriormente se aplicó pintura color plata y acabado en negro para las llantas, mejorando tanto la estética como el estado general del vehículo.","tipos":["2","7"],"videoURL":"https://youtu.be/DMrOCotGj6Q","new_image_fase":"initial","action":"upload_image","conclusion":"En conclusión, aunque durante el desarrollo del proyecto aparecieron algunas dificultades en la reparación y el proceso de pintura, supimos resolverlas correctamente mediante trabajo, esfuerzo y aprendizaje. Gracias a ello, conseguimos un resultado final excelente.","new_project_image":{"Illuminate\\Http\\UploadedFile":"/tmp/php3yRl5Q"}} 
[2026-05-29 19:50:35] production.INFO: UPLOAD IMAGE REQUEST {"_token":"Cp6zQk9Mr7HsQ82E584ynV5hXp5HlDR6KAnsqmAx","_method":"PUT","title":"Volkswagen Golf 1.6","abstract":"Se ha realizado una reparación integral de la carrocería, eliminando abolladuras y sustituyendo piezas necesarias. Posteriormente se aplicó pintura color plata y acabado en negro para las llantas, mejorando tanto la estética como el estado general del vehículo.","tipos":["2","7"],"videoURL":null,"new_image_fase":"procedimiento_1","action":"upload_image","image_descriptions":{"915":"Este era el estado principal del coche"},"conclusion":"En conclusión, aunque durante el desarrollo del proyecto aparecieron algunas dificultades en la reparación y el proceso de pintura, supimos resolverlas correctamente mediante trabajo, esfuerzo y aprendizaje. Gracias a ello, conseguimos un resultado final excelente.","new_project_image":{"Illuminate\\Http\\UploadedFile":"/tmp/phpZpuMTi"}} 
[2026-05-29 19:51:33] production.INFO: UPLOAD IMAGE REQUEST {"_token":"Cp6zQk9Mr7HsQ82E584ynV5hXp5HlDR6KAnsqmAx","_method":"PUT","title":"Volkswagen Golf 1.6","abstract":"Se ha realizado una reparación integral de la carrocería, eliminando abolladuras y sustituyendo piezas necesarias. Posteriormente se aplicó pintura color plata y acabado en negro para las llantas, mejorando tanto la estética como el estado general del vehículo.","tipos":["2","7"],"videoURL":null,"new_image_fase":"procedimiento_3","action":"upload_image","image_descriptions":{"915":"Este era el estado principal del coche"},"conclusion":"En conclusión, aunque durante el desarrollo del proyecto aparecieron algunas dificultades en la reparación y el proceso de pintura, supimos resolverlas correctamente mediante trabajo, esfuerzo y aprendizaje. Gracias a ello, conseguimos un resultado final excelente.","new_project_image":{"Illuminate\\Http\\UploadedFile":"/tmp/phpmQfo3m"}} 
[2026-05-29 19:52:30] production.INFO: UPLOAD IMAGE REQUEST {"_token":"Cp6zQk9Mr7HsQ82E584ynV5hXp5HlDR6KAnsqmAx","_method":"PUT","title":"Volkswagen Golf 1.6","abstract":"Se ha realizado una reparación integral de la carrocería, eliminando abolladuras y sustituyendo piezas necesarias. Posteriormente se aplicó pintura color plata y acabado en negro para las llantas, mejorando tanto la estética como el estado general del vehículo.","tipos":["2","7"],"videoURL":null,"new_image_fase":"final","action":"upload_image","image_descriptions":{"915":"Este era el estado principal del coche","917":"En este caso es el acabado de pintura como se aprecia aun empapelado y en cabina"},"conclusion":"En conclusión, aunque durante el desarrollo del proyecto aparecieron algunas dificultades en la reparación y el proceso de pintura, supimos resolverlas correctamente mediante trabajo, esfuerzo y aprendizaje. Gracias a ello, conseguimos un resultado final excelente.","new_project_image":{"Illuminate\\Http\\UploadedFile":"/tmp/php0CUGcI"}} 
[2026-05-29 20:39:07] production.INFO: UPLOAD IMAGE REQUEST {"_token":"YhQVvjhGsK04XHLk2ih3M8szywMFjjMQYBfXdDfC","_method":"PUT","title":"Un RX-8 unico","abstract":"Mi trabajo trata de hacer un body-kit a mi mazda rx-8 de forma 100% artesanal en fibra de vidrio y lo que conlleva hacer una modificacion asi en tu vehiculo, homologacion, dificultades, costes materiales, etc...","tipos":["1","6","7"],"videoURL":null,"new_image_fase":"initial","action":"upload_image","conclusion":null,"new_project_image":{"Illuminate\\Http\\UploadedFile":"/tmp/phpC6FpMY"}} 
[2026-05-29 20:40:27] production.INFO: UPLOAD IMAGE REQUEST {"_token":"8MiJOAgu0bAuMNzhNekQG0W1JD4zLxH6knVd9DdG","_method":"PUT","title":"Restauración Derbi 125 Especial 3v","abstract":"Mi proyecto consiste en una restauración total de esta motocicleta derbi 125 especial 3v de 1962. Este proyecto abarca todo tema de desmontaje restauración, las piezas reparación de chapa, pintura.","tipos":["2","7","8"],"videoURL":"https://youtu.be/arlrNPLF9LE","new_image_fase":"final","action":"upload_image","image_descriptions":{"896":"La moto se encuentra en un estado de abandono severo y deterioro generalizado. Presenta una notable acumulación de óxido, suciedad y pérdida de pintura en todos sus componentes, con elementos clave rotos, incompletos o ausentes.","897":"En este caso pongo como primero la reparación, en este caso es el depósito que es lo que más tenía, tenía bastantes bollos y se arreglaron a base de multifunción y masilla.","898":"Aquí pongo el pintado cuando pinte el básculante, la tija, el sujeta bobinas y el pedal de freno en este caso se pintó de negro.","899":"Aquí ya la estamos montado."},"conclusion":"El proyecto el proyecto me ha sido intenso he dado una gran capacidad de adaptación resistencia al estrés y resolución de problemas reales en el taller . Hoy no solo presentó una derbi 125 especial de vuelta a la vida sino también madurez y compromiso profesional.","new_project_image":{"Illuminate\\Http\\UploadedFile":"/tmp/phpseUUkg"}} 
[2026-05-29 20:41:31] production.INFO: UPLOAD IMAGE REQUEST {"_token":"8MiJOAgu0bAuMNzhNekQG0W1JD4zLxH6knVd9DdG","_method":"PUT","title":"Restauración Derbi 125 Especial 3v","abstract":"Mi proyecto consiste en una restauración total de esta motocicleta derbi 125 especial 3v de 1962. Este proyecto abarca todo tema de desmontaje restauración, las piezas reparación de chapa, pintura.","tipos":["2","7","8"],"videoURL":"https://youtu.be/arlrNPLF9LE","new_image_fase":"header","action":"upload_image","image_descriptions":{"896":"La moto se encuentra en un estado de abandono severo y deterioro generalizado. Presenta una notable acumulación de óxido, suciedad y pérdida de pintura en todos sus componentes, con elementos clave rotos, incompletos o ausentes.","897":"En este caso pongo como primero la reparación, en este caso es el depósito que es lo que más tenía, tenía bastantes bollos y se arreglaron a base de multifunción y masilla.","898":"Aquí pongo el pintado cuando pinte el básculante, la tija, el sujeta bobinas y el pedal de freno en este caso se pintó de negro.","899":"Aquí ya la estamos montado.","920":"Aquí ya montada y lista."},"conclusion":"El proyecto el proyecto me ha sido intenso he dado una gran capacidad de adaptación resistencia al estrés y resolución de problemas reales en el taller . Hoy no solo presentó una derbi 125 especial de vuelta a la vida sino también madurez y compromiso profesional.","photoName":{"Illuminate\\Http\\UploadedFile":"/tmp/phpwOV4sg"},"new_project_image":{"Illuminate\\Http\\UploadedFile":"/tmp/phpQudxnD"}} 
[2026-05-29 20:44:04] production.INFO: UPLOAD IMAGE REQUEST {"_token":"YhQVvjhGsK04XHLk2ih3M8szywMFjjMQYBfXdDfC","_method":"PUT","title":"Un RX-8 unico","abstract":"Mi trabajo trata de hacer un body-kit a mi mazda rx-8 de forma 100% artesanal en fibra de vidrio y lo que conlleva hacer una modificacion asi en tu vehiculo, homologacion, dificultades, costes materiales, etc...","tipos":["1","6","7"],"videoURL":null,"new_image_fase":"procedimiento_1","action":"upload_image","image_descriptions":{"919":"Estado del vehículo antes de empezar a modificar"},"conclusion":null,"new_project_image":{"Illuminate\\Http\\UploadedFile":"/tmp/phpRs3uFv"}} 
[2026-05-29 20:45:12] production.INFO: UPLOAD IMAGE REQUEST {"_token":"YhQVvjhGsK04XHLk2ih3M8szywMFjjMQYBfXdDfC","_method":"PUT","title":"Un RX-8 unico","abstract":"Mi trabajo trata de hacer un body-kit a mi mazda rx-8 de forma 100% artesanal en fibra de vidrio y lo que conlleva hacer una modificacion asi en tu vehiculo, homologacion, dificultades, costes materiales, etc...","tipos":["1","6","7"],"videoURL":null,"new_image_fase":"procedimiento_1","action":"upload_image","image_descriptions":{"919":"Estado del vehículo antes de empezar a modificar"},"conclusion":null,"new_project_image":{"Illuminate\\Http\\UploadedFile":"/tmp/php7xYTYE"}} 
[2026-05-29 20:45:38] production.INFO: UPLOAD IMAGE REQUEST {"_token":"YhQVvjhGsK04XHLk2ih3M8szywMFjjMQYBfXdDfC","_method":"PUT","title":"Un RX-8 unico","abstract":"Mi trabajo trata de hacer un body-kit a mi mazda rx-8 de forma 100% artesanal en fibra de vidrio y lo que conlleva hacer una modificacion asi en tu vehiculo, homologacion, dificultades, costes materiales, etc...","tipos":["1","6","7"],"videoURL":null,"new_image_fase":"procedimiento_2","action":"upload_image","image_descriptions":{"919":"Estado del vehículo antes de empezar a modificar","923":null},"conclusion":null,"new_project_image":{"Illuminate\\Http\\UploadedFile":"/tmp/phpNKvr2p"}} 
[2026-05-29 20:46:02] production.INFO: UPLOAD IMAGE REQUEST {"_token":"YhQVvjhGsK04XHLk2ih3M8szywMFjjMQYBfXdDfC","_method":"PUT","title":"Un RX-8 unico","abstract":"Mi trabajo trata de hacer un body-kit a mi mazda rx-8 de forma 100% artesanal en fibra de vidrio y lo que conlleva hacer una modificacion asi en tu vehiculo, homologacion, dificultades, costes materiales, etc...","tipos":["1","6","7"],"videoURL":null,"new_image_fase":"procedimiento_3","action":"upload_image","image_descriptions":{"919":"Estado del vehículo antes de empezar a modificar","923":null,"924":null},"conclusion":null,"new_project_image":{"Illuminate\\Http\\UploadedFile":"/tmp/phpJ3NzJj"}} 
[2026-05-29 20:46:36] production.INFO: UPLOAD IMAGE REQUEST {"_token":"YhQVvjhGsK04XHLk2ih3M8szywMFjjMQYBfXdDfC","_method":"PUT","title":"Un RX-8 unico","abstract":"Mi trabajo trata de hacer un body-kit a mi mazda rx-8 de forma 100% artesanal en fibra de vidrio y lo que conlleva hacer una modificacion asi en tu vehiculo, homologacion, dificultades, costes materiales, etc...","tipos":["1","6","7"],"videoURL":null,"new_image_fase":"procedimiento_3","action":"upload_image","image_descriptions":{"919":"Estado del vehículo antes de empezar a modificar","923":null,"924":null,"925":null},"conclusion":null,"new_project_image":{"Illuminate\\Http\\UploadedFile":"/tmp/phprWKalS"}} 
[2026-05-29 20:47:07] production.INFO: UPLOAD IMAGE REQUEST {"_token":"YhQVvjhGsK04XHLk2ih3M8szywMFjjMQYBfXdDfC","_method":"PUT","title":"Un RX-8 unico","abstract":"Mi trabajo trata de hacer un body-kit a mi mazda rx-8 de forma 100% artesanal en fibra de vidrio y lo que conlleva hacer una modificacion asi en tu vehiculo, homologacion, dificultades, costes materiales, etc...","tipos":["1","6","7"],"videoURL":null,"new_image_fase":"final","action":"upload_image","image_descriptions":{"919":"Estado del vehículo antes de empezar a modificar","923":null,"924":null,"926":null},"conclusion":null,"new_project_image":{"Illuminate\\Http\\UploadedFile":"/tmp/phpLgaCaa"}} 
[2026-05-29 20:51:37] production.INFO: UPLOAD IMAGE REQUEST {"_token":"YhQVvjhGsK04XHLk2ih3M8szywMFjjMQYBfXdDfC","_method":"PUT","title":"Un RX-8 unico","abstract":"Mi trabajo trata de hacer un body-kit a mi mazda rx-8 de forma 100% artesanal en fibra de vidrio y lo que conlleva hacer una modificacion asi en tu vehiculo, homologacion, dificultades, costes materiales, etc...","tipos":["1","6","7"],"videoURL":null,"new_image_fase":"header","action":"upload_image","image_descriptions":{"919":"Estado del vehículo antes de empezar a modificar","923":null,"924":null,"926":null,"927":null},"conclusion":null,"new_project_image":{"Illuminate\\Http\\UploadedFile":"/tmp/phpnDAYFN"}} 
