[2026-05-18 01:31:35] production.INFO: UPLOAD IMAGE REQUEST {"_token":"CI9UnnzMXKeR8Vb9T77KDWUX1xuI3quJLDoUigR0","_method":"PUT","title":"KART 100CC","abstract":"Mi trabajo trata de reparar, diseñar y pintar un kart de 100cc empezando por la parte mecánica, para más tarde acabar con el diseño y la pintura de las protecciones.","tipos":["1","2","4"],"videoURL":"https://youtube.com/shorts/rgP3UiOrUtA","new_image_fase":"initial","action":"upload_image","conclusion":null,"new_project_image":{"Illuminate\\Http\\UploadedFile":"/tmp/phpfq2wlb"}} 
[2026-05-18 01:32:51] production.INFO: UPLOAD IMAGE REQUEST {"_token":"CI9UnnzMXKeR8Vb9T77KDWUX1xuI3quJLDoUigR0","_method":"PUT","title":"KART 100CC","abstract":"Mi trabajo trata de reparar, diseñar y pintar un kart de 100cc empezando por la parte mecánica, para más tarde acabar con el diseño y la pintura de las protecciones.","tipos":["1","2","4"],"videoURL":"https://youtube.com/shorts/rgP3UiOrUtA","new_image_fase":"procedimiento_1","action":"upload_image","image_descriptions":{"744":null},"conclusion":null,"new_project_image":{"Illuminate\\Http\\UploadedFile":"/tmp/phpwgrVxG"}} 
[2026-05-18 01:40:18] production.INFO: UPLOAD IMAGE REQUEST {"_token":"CI9UnnzMXKeR8Vb9T77KDWUX1xuI3quJLDoUigR0","_method":"PUT","title":"KART 100CC","abstract":"Mi trabajo trata de reparar, diseñar y pintar un kart de 100cc empezando por la parte mecánica, para más tarde acabar con el diseño y la pintura de las protecciones.","tipos":["1","2","4"],"videoURL":"https://youtube.com/shorts/rgP3UiOrUtA","new_image_fase":"procedimiento_3","action":"upload_image","image_descriptions":{"744":"este es el estado inicial con las protecciones antiguas","745":"el primer paso fue sacar las protecciones para ver el estado del chasis y de los componentes mecánicos"},"conclusion":null,"new_project_image":{"Illuminate\\Http\\UploadedFile":"/tmp/phppUAk92"}} 
[2026-05-18 01:43:48] production.INFO: UPLOAD IMAGE REQUEST {"_token":"CI9UnnzMXKeR8Vb9T77KDWUX1xuI3quJLDoUigR0","_method":"PUT","title":"KART 100CC","abstract":"Mi trabajo trata de reparar, diseñar y pintar un kart de 100cc empezando por la parte mecánica, para más tarde acabar con el diseño y la pintura de las protecciones.","tipos":["1","2","4"],"videoURL":"https://youtube.com/shorts/rgP3UiOrUtA","new_image_fase":"procedimiento_2","action":"upload_image","image_descriptions":{"744":"este es el estado inicial con las protecciones antiguas","745":"el primer paso fue sacar las protecciones para ver el estado del chasis y de los componentes mecánicos"},"conclusion":null,"new_project_image":{"Illuminate\\Http\\UploadedFile":"/tmp/phpREGHNY"}} 
[2026-05-18 01:45:03] production.INFO: UPLOAD IMAGE REQUEST {"_token":"CI9UnnzMXKeR8Vb9T77KDWUX1xuI3quJLDoUigR0","_method":"PUT","title":"KART 100CC","abstract":"Mi trabajo trata de reparar, diseñar y pintar un kart de 100cc empezando por la parte mecánica, para más tarde acabar con el diseño y la pintura de las protecciones.","tipos":["1","2","4"],"videoURL":"https://youtube.com/shorts/rgP3UiOrUtA","new_image_fase":"procedimiento_2","action":"upload_image","image_descriptions":{"744":"este es el estado inicial con las protecciones antiguas","745":"el primer paso fue sacar las protecciones para ver el estado del chasis y de los componentes mecánicos"},"conclusion":null,"new_project_image":{"Illuminate\\Http\\UploadedFile":"/tmp/phpZ6z1iI"}} 
[2026-05-18 01:46:46] production.INFO: UPLOAD IMAGE REQUEST {"_token":"CI9UnnzMXKeR8Vb9T77KDWUX1xuI3quJLDoUigR0","_method":"PUT","title":"KART 100CC","abstract":"Mi trabajo trata de reparar, diseñar y pintar un kart de 100cc empezando por la parte mecánica, para más tarde acabar con el diseño y la pintura de las protecciones.","tipos":["1","2","4"],"videoURL":"https://youtube.com/shorts/rgP3UiOrUtA","new_image_fase":"procedimiento_3","action":"upload_image","image_descriptions":{"744":"este es el estado inicial con las protecciones antiguas","745":"el primer paso fue sacar las protecciones para ver el estado del chasis y de los componentes mecánicos","748":"el siguiente paso fue quitar todos los componentes que estén por detrás del deposito ya que esa era la zona mas afectada"},"conclusion":null,"new_project_image":{"Illuminate\\Http\\UploadedFile":"/tmp/phpd7SzaE"}} 
[2026-05-18 01:47:47] production.INFO: UPLOAD IMAGE REQUEST {"_token":"CI9UnnzMXKeR8Vb9T77KDWUX1xuI3quJLDoUigR0","_method":"PUT","title":"KART 100CC","abstract":"Mi trabajo trata de reparar, diseñar y pintar un kart de 100cc empezando por la parte mecánica, para más tarde acabar con el diseño y la pintura de las protecciones.","tipos":["1","2","4"],"videoURL":"https://youtube.com/shorts/rgP3UiOrUtA","new_image_fase":"final","action":"upload_image","image_descriptions":{"744":"este es el estado inicial con las protecciones antiguas","745":"el primer paso fue sacar las protecciones para ver el estado del chasis y de los componentes mecánicos","748":"el siguiente paso fue quitar todos los componentes que estén por detrás del deposito ya que esa era la zona mas afectada","749":"en este paso se esta realizando el purgado de los frenos con un purgador que hizo mi padre"},"conclusion":null,"new_project_image":{"Illuminate\\Http\\UploadedFile":"/tmp/php2fSvwv"}} 
[2026-05-18 06:53:15] production.DEBUG: From: Jornada =?utf-8?Q?automoci=C3=B3n?= <hello@example.com>
To: tommyfigjim@campus.monlau.com
Subject: Reset Password Notification
MIME-Version: 1.0
Date: Mon, 18 May 2026 06:53:15 +0000
Message-ID: <4b1430fbdd14710b3634b6e584e0ac22@example.com>
Content-Type: multipart/alternative; boundary=3dq3TzjO

--3dq3TzjO
Content-Type: text/plain; charset=utf-8
Content-Transfer-Encoding: quoted-printable

Jornada automoción: https://jornadaautomocion.monlau.com

# Hello!

You are receiving this email because we received a password reset request for your account.

Reset Password: https://jornadaautomocion.monlau.com/reset-password/d6c5d8d60af7e57fe9f1c42a453d851085f640e9c0de2e7676f9efb9427e353b?email=tommyfigjim%40campus.monlau.com

This password reset link will expire in 60 minutes.

If you did not request a password reset, no further action is required.

Regards,
Jornada automoción

If you're having trouble clicking the "Reset Password" button, copy and paste the URL below
into your web browser: [https://jornadaautomocion.monlau.com/reset-password/d6c5d8d60af7e57fe9f1c42a453d851085f640e9c0de2e7676f9efb9427e353b?email=tommyfigjim%40campus.monlau.com](https://jornadaautomocion.monlau.com/reset-password/d6c5d8d60af7e57fe9f1c42a453d851085f640e9c0de2e7676f9efb9427e353b?email=tommyfigjim%40campus.monlau.com)

© 2026 Jornada automoción. All rights reserved.

--3dq3TzjO
Content-Type: text/html; charset=utf-8
Content-Transfer-Encoding: quoted-printable

<!DOCTYPE html PUBLIC "-//W3C//DTD XHTML 1.0 Transitional//EN" "http://www.w3.org/TR/xhtml1/DTD/xhtml1-transitional.dtd">
<html xmlns="http://www.w3.org/1999/xhtml">
<head>
<title>Jornada automoción</title>
<meta name="viewport" content="width=device-width, initial-scale=1.0">
<meta http-equiv="Content-Type" content="text/html; charset=UTF-8">
<meta name="color-scheme" content="light">
<meta name="supported-color-schemes" content="light">
<style>
@media only screen and (max-width: 600px) {
.inner-body {
width: 100% !important;
}

.footer {
width: 100% !important;
}
}

@media only screen and (max-width: 500px) {
.button {
width: 100% !important;
}
}
</style>

</head>
<body style="box-sizing: border-box; font-family: -apple-system, BlinkMacSystemFont, 'Segoe UI', Roboto, Helvetica, Arial, sans-serif, 'Apple Color Emoji', 'Segoe UI Emoji', 'Segoe UI Symbol'; position: relative; -webkit-text-size-adjust: none; background-color: #ffffff; color: #718096; height: 100%; line-height: 1.4; margin: 0; padding: 0; width: 100% !important;">

<table class="wrapper" width="100%" cellpadding="0" cellspacing="0" role="presentation" style="box-sizing: border-box; font-family: -apple-system, BlinkMacSystemFont, 'Segoe UI', Roboto, Helvetica, Arial, sans-serif, 'Apple Color Emoji', 'Segoe UI Emoji', 'Segoe UI Symbol'; position: relative; -premailer-cellpadding: 0; -premailer-cellspacing: 0; -premailer-width: 100%; background-color: #edf2f7; margin: 0; padding: 0; width: 100%;">
<tr>
<td align="center" style="box-sizing: border-box; font-family: -apple-system, BlinkMacSystemFont, 'Segoe UI', Roboto, Helvetica, Arial, sans-serif, 'Apple Color Emoji', 'Segoe UI Emoji', 'Segoe UI Symbol'; position: relative;">
<table class="content" width="100%" cellpadding="0" cellspacing="0" role="presentation" style="box-sizing: border-box; font-family: -apple-system, BlinkMacSystemFont, 'Segoe UI', Roboto, Helvetica, Arial, sans-serif, 'Apple Color Emoji', 'Segoe UI Emoji', 'Segoe UI Symbol'; position: relative; -premailer-cellpadding: 0; -premailer-cellspacing: 0; -premailer-width: 100%; margin: 0; padding: 0; width: 100%;">
<tr>
<td class="header" style="box-sizing: border-box; font-family: -apple-system, BlinkMacSystemFont, 'Segoe UI', Roboto, Helvetica, Arial, sans-serif, 'Apple Color Emoji', 'Segoe UI Emoji', 'Segoe UI Symbol'; position: relative; padding: 25px 0; text-align: center;">
<a href="https://jornadaautomocion.monlau.com" style="box-sizing: border-box; font-family: -apple-system, BlinkMacSystemFont, 'Segoe UI', Roboto, Helvetica, Arial, sans-serif, 'Apple Color Emoji', 'Segoe UI Emoji', 'Segoe UI Symbol'; position: relative; color: #3d4852; font-size: 19px; font-weight: bold; text-decoration: none; display: inline-block;">
Jornada automoción
</a>
</td>
</tr>

<!-- Email Body -->
<tr>
<td class="body" width="100%" cellpadding="0" cellspacing="0" style="box-sizing: border-box; font-family: -apple-system, BlinkMacSystemFont, 'Segoe UI', Roboto, Helvetica, Arial, sans-serif, 'Apple Color Emoji', 'Segoe UI Emoji', 'Segoe UI Symbol'; position: relative; -premailer-cellpadding: 0; -premailer-cellspacing: 0; -premailer-width: 100%; background-color: #edf2f7; border-bottom: 1px solid #edf2f7; border-top: 1px solid #edf2f7; margin: 0; padding: 0; width: 100%; border: hidden !important;">
<table class="inner-body" align="center" width="570" cellpadding="0" cellspacing="0" role="presentation" style="box-sizing: border-box; font-family: -apple-system, BlinkMacSystemFont, 'Segoe UI', Roboto, Helvetica, Arial, sans-serif, 'Apple Color Emoji', 'Segoe UI Emoji', 'Segoe UI Symbol'; position: relative; -premailer-cellpadding: 0; -premailer-cellspacing: 0; -premailer-width: 570px; background-color: #ffffff; border-color: #e8e5ef; border-radius: 2px; border-width: 1px; box-shadow: 0 2px 0 rgba(0, 0, 150, 0.025), 2px 4px 0 rgba(0, 0, 150, 0.015); margin: 0 auto; padding: 0; width: 570px;">
<!-- Body content -->
<tr>
<td class="content-cell" style="box-sizing: border-box; font-family: -apple-system, BlinkMacSystemFont, 'Segoe UI', Roboto, Helvetica, Arial, sans-serif, 'Apple Color Emoji', 'Segoe UI Emoji', 'Segoe UI Symbol'; position: relative; max-width: 100vw; padding: 32px;">
<h1 style="box-sizing: border-box; font-family: -apple-system, BlinkMacSystemFont, 'Segoe UI', Roboto, Helvetica, Arial, sans-serif, 'Apple Color Emoji', 'Segoe UI Emoji', 'Segoe UI Symbol'; position: relative; color: #3d4852; font-size: 18px; font-weight: bold; margin-top: 0; text-align: left;">Hello!</h1>
<p style="box-sizing: border-box; font-family: -apple-system, BlinkMacSystemFont, 'Segoe UI', Roboto, Helvetica, Arial, sans-serif, 'Apple Color Emoji', 'Segoe UI Emoji', 'Segoe UI Symbol'; position: relative; font-size: 16px; line-height: 1.5em; margin-top: 0; text-align: left;">You are receiving this email because we received a password reset request for your account.</p>
<table class="action" align="center" width="100%" cellpadding="0" cellspacing="0" role="presentation" style="box-sizing: border-box; font-family: -apple-system, BlinkMacSystemFont, 'Segoe UI', Roboto, Helvetica, Arial, sans-serif, 'Apple Color Emoji', 'Segoe UI Emoji', 'Segoe UI Symbol'; position: relative; -premailer-cellpadding: 0; -premailer-cellspacing: 0; -premailer-width: 100%; margin: 30px auto; padding: 0; text-align: center; width: 100%; float: unset;">
<tr>
<td align="center" style="box-sizing: border-box; font-family: -apple-system, BlinkMacSystemFont, 'Segoe UI', Roboto, Helvetica, Arial, sans-serif, 'Apple Color Emoji', 'Segoe UI Emoji', 'Segoe UI Symbol'; position: relative;">
<table width="100%" border="0" cellpadding="0" cellspacing="0" role="presentation" style="box-sizing: border-box; font-family: -apple-system, BlinkMacSystemFont, 'Segoe UI', Roboto, Helvetica, Arial, sans-serif, 'Apple Color Emoji', 'Segoe UI Emoji', 'Segoe UI Symbol'; position: relative;">
<tr>
<td align="center" style="box-sizing: border-box; font-family: -apple-system, BlinkMacSystemFont, 'Segoe UI', Roboto, Helvetica, Arial, sans-serif, 'Apple Color Emoji', 'Segoe UI Emoji', 'Segoe UI Symbol'; position: relative;">
<table border="0" cellpadding="0" cellspacing="0" role="presentation" style="box-sizing: border-box; font-family: -apple-system, BlinkMacSystemFont, 'Segoe UI', Roboto, Helvetica, Arial, sans-serif, 'Apple Color Emoji', 'Segoe UI Emoji', 'Segoe UI Symbol'; position: relative;">
<tr>
<td style="box-sizing: border-box; font-family: -apple-system, BlinkMacSystemFont, 'Segoe UI', Roboto, Helvetica, Arial, sans-serif, 'Apple Color Emoji', 'Segoe UI Emoji', 'Segoe UI Symbol'; position: relative;">
<a href="https://jornadaautomocion.monlau.com/reset-password/d6c5d8d60af7e57fe9f1c42a453d851085f640e9c0de2e7676f9efb9427e353b?email=tommyfigjim%40campus.monlau.com" class="button button-primary" target="_blank" rel="noopener" style="box-sizing: border-box; font-family: -apple-system, BlinkMacSystemFont, 'Segoe UI', Roboto, Helvetica, Arial, sans-serif, 'Apple Color Emoji', 'Segoe UI Emoji', 'Segoe UI Symbol'; position: relative; -webkit-text-size-adjust: none; border-radius: 4px; color: #fff; display: inline-block; overflow: hidden; text-decoration: none; background-color: #2d3748; border-bottom: 8px solid #2d3748; border-left: 18px solid #2d3748; border-right: 18px solid #2d3748; border-top: 8px solid #2d3748; word-break: break-all;">Reset Password</a>
</td>
</tr>
</table>
</td>
</tr>
</table>
</td>
</tr>
</table>
<p style="box-sizing: border-box; font-family: -apple-system, BlinkMacSystemFont, 'Segoe UI', Roboto, Helvetica, Arial, sans-serif, 'Apple Color Emoji', 'Segoe UI Emoji', 'Segoe UI Symbol'; position: relative; font-size: 16px; line-height: 1.5em; margin-top: 0; text-align: left;">This password reset link will expire in 60 minutes.</p>
<p style="box-sizing: border-box; font-family: -apple-system, BlinkMacSystemFont, 'Segoe UI', Roboto, Helvetica, Arial, sans-serif, 'Apple Color Emoji', 'Segoe UI Emoji', 'Segoe UI Symbol'; position: relative; font-size: 16px; line-height: 1.5em; margin-top: 0; text-align: left;">If you did not request a password reset, no further action is required.</p>
<p style="box-sizing: border-box; font-family: -apple-system, BlinkMacSystemFont, 'Segoe UI', Roboto, Helvetica, Arial, sans-serif, 'Apple Color Emoji', 'Segoe UI Emoji', 'Segoe UI Symbol'; position: relative; font-size: 16px; line-height: 1.5em; margin-top: 0; text-align: left;">Regards,<br>
Jornada automoción</p>


<table class="subcopy" width="100%" cellpadding="0" cellspacing="0" role="presentation" style="box-sizing: border-box; font-family: -apple-system, BlinkMacSystemFont, 'Segoe UI', Roboto, Helvetica, Arial, sans-serif, 'Apple Color Emoji', 'Segoe UI Emoji', 'Segoe UI Symbol'; position: relative; border-top: 1px solid #e8e5ef; margin-top: 25px; padding-top: 25px;">
<tr>
<td style="box-sizing: border-box; font-family: -apple-system, BlinkMacSystemFont, 'Segoe UI', Roboto, Helvetica, Arial, sans-serif, 'Apple Color Emoji', 'Segoe UI Emoji', 'Segoe UI Symbol'; position: relative;">
<p style="box-sizing: border-box; font-family: -apple-system, BlinkMacSystemFont, 'Segoe UI', Roboto, Helvetica, Arial, sans-serif, 'Apple Color Emoji', 'Segoe UI Emoji', 'Segoe UI Symbol'; position: relative; line-height: 1.5em; margin-top: 0; text-align: left; font-size: 14px;">If you're having trouble clicking the "Reset Password" button, copy and paste the URL below
into your web browser: <span class="break-all" style="box-sizing: border-box; font-family: -apple-system, BlinkMacSystemFont, 'Segoe UI', Roboto, Helvetica, Arial, sans-serif, 'Apple Color Emoji', 'Segoe UI Emoji', 'Segoe UI Symbol'; position: relative; word-break: break-all;"><a href="https://jornadaautomocion.monlau.com/reset-password/d6c5d8d60af7e57fe9f1c42a453d851085f640e9c0de2e7676f9efb9427e353b?email=tommyfigjim%40campus.monlau.com" style="box-sizing: border-box; font-family: -apple-system, BlinkMacSystemFont, 'Segoe UI', Roboto, Helvetica, Arial, sans-serif, 'Apple Color Emoji', 'Segoe UI Emoji', 'Segoe UI Symbol'; position: relative; color: #3869d4; word-break: break-all;">https://jornadaautomocion.monlau.com/reset-password/d6c5d8d60af7e57fe9f1c42a453d851085f640e9c0de2e7676f9efb9427e353b?email=tommyfigjim%40campus.monlau.com</a></span></p>

</td>
</tr>
</table>
</td>
</tr>
</table>
</td>
</tr>

<tr>
<td style="box-sizing: border-box; font-family: -apple-system, BlinkMacSystemFont, 'Segoe UI', Roboto, Helvetica, Arial, sans-serif, 'Apple Color Emoji', 'Segoe UI Emoji', 'Segoe UI Symbol'; position: relative;">
<table class="footer" align="center" width="570" cellpadding="0" cellspacing="0" role="presentation" style="box-sizing: border-box; font-family: -apple-system, BlinkMacSystemFont, 'Segoe UI', Roboto, Helvetica, Arial, sans-serif, 'Apple Color Emoji', 'Segoe UI Emoji', 'Segoe UI Symbol'; position: relative; -premailer-cellpadding: 0; -premailer-cellspacing: 0; -premailer-width: 570px; margin: 0 auto; padding: 0; text-align: center; width: 570px;">
<tr>
<td class="content-cell" align="center" style="box-sizing: border-box; font-family: -apple-system, BlinkMacSystemFont, 'Segoe UI', Roboto, Helvetica, Arial, sans-serif, 'Apple Color Emoji', 'Segoe UI Emoji', 'Segoe UI Symbol'; position: relative; max-width: 100vw; padding: 32px;">
<p style="box-sizing: border-box; font-family: -apple-system, BlinkMacSystemFont, 'Segoe UI', Roboto, Helvetica, Arial, sans-serif, 'Apple Color Emoji', 'Segoe UI Emoji', 'Segoe UI Symbol'; position: relative; line-height: 1.5em; margin-top: 0; color: #b0adc5; font-size: 12px; text-align: center;">© 2026 Jornada automoción. All rights reserved.</p>

</td>
</tr>
</table>
</td>
</tr>
</table>
</td>
</tr>
</table>
</body>
</html>
--3dq3TzjO--
  
